<?xml version="1.0" encoding="utf-8"?><testsuites name="pytest tests"><testsuite name="pytest" errors="0" failures="0" skipped="0" tests="37" time="6.542" timestamp="2026-09-17T10:57:15.365864+08:00" hostname="donogxu"><testcase classname="tests.test_http" name="test_http_run" time="0.530" /><testcase classname="tests.test_http" name="test_http_origin_and_path" time="0.510" /><testcase classname="tests.test_http" name="test_http_invalid_json" time="0.519" /><testcase classname="tests.test_http" name="test_settings_dynamic_and_redacted" time="0.546" /><testcase classname="tests.test_nanobot" name="test_real_nanobot_skill_loader" time="0.567" /><testcase classname="tests.test_router" name="test_routing[\u7528\u4e00\u53e5\u8bdd\u89e3\u91ca\u673a\u5668\u5b66\u4e60\u3002-eco-qa]" time="0.009" /><testcase classname="tests.test_router" name="test_routing[\u8bf7\u603b\u7ed3\uff1a\u7b2c\u4e00\u9636\u6bb5\u5b8c\u6210\uff0c\u7b2c\u4e8c\u9636\u6bb5\u660e\u5929\u5f00\u59cb\u3002-balanced-summary]" time="0.005" /><testcase classname="tests.test_router" name="test_routing[Python \u5b9e\u73b0\u4e8c\u5206\u67e5\u627e\u5e76\u5206\u6790\u590d\u6742\u5ea6-reasoner-code]" time="0.005" /><testcase classname="tests.test_router" name="test_routing[\u8bc1\u660e\u4e24\u4e2a\u8fde\u7eed\u6574\u6570\u4e58\u79ef\u4e3a\u5076\u6570-reasoner-reasoning]" time="0.005" /><testcase classname="tests.test_router" name="test_routing[Explain machine learning-eco-qa]" time="0.005" /><testcase classname="tests.test_router" name="test_routing[Summarize this note: meeting tomorrow-balanced-summary]" time="0.005" /><testcase classname="tests.test_router" name="test_routing[summarize \u957f\u6587\u6750\u6599\u3002\u957f\u6587\u6750\u6599\u3002\u957f\u6587\u6750\u6599\u3002\u957f\u6587\u6750\u6599\u3002\u957f\u6587\u6750\u6599\u3002\u957f\u6587\u6750\u6599\u3002\u957f\u6587\u6750\u6599\u3002\u957f\u6587\u6750\u6599\u3002\u957f\u6587\u6750\u6599\u3002\u957f\u6587\u6750\u6599\u3002\u957f\u6587\u6750\u6599\u3002\u957f\u6587\u6750\u6599\u3002\u957f\u6587\u6750\u6599\u3002\u957f\u6587\u6750\u6599\u3002\u957f\u6587\u6750\u6599\u3002\u957f\u6587\u6750\u6599\u3002\u957f\u6587\u6750\u6599\u3002\u957f\u6587\u6750\u6599\u3002\u957f\u6587\u6750\u6599\u3002\u957f\u6587\u6750\u6599\u3002\u957f\u6587\u6750\u6599\u3002\u957f\u6587\u6750\u6599\u3002\u957f\u6587\u6750\u6599\u3002\u957f\u6587\u6750\u6599\u3002\u957f\u6587\u6750\u6599\u3002\u957f\u6587\u6750\u6599\u3002\u957f\u6587\u6750\u6599\u3002\u957f\u6587\u6750\u6599\u3002\u957f\u6587\u6750\u6599\u3002\u957f\u6587\u6750\u6599\u3002\u957f\u6587\u6750\u6599\u3002\u957f\u6587\u6750\u6599\u3002\u957f\u6587\u6750\u6599\u3002\u957f\u6587\u6750\u6599\u3002\u957f\u6587\u6750\u6599\u3002\u957f\u6587\u6750\u6599\u3002\u957f\u6587\u6750\u6599\u3002\u957f\u6587\u6750\u6599\u3002\u957f\u6587\u6750\u6599\u3002\u957f\u6587\u6750\u6599\u3002\u957f\u6587\u6750\u6599\u3002\u957f\u6587\u6750\u6599\u3002\u957f\u6587\u6750\u6599\u3002\u957f\u6587\u6750\u6599\u3002\u957f\u6587\u6750\u6599\u3002\u957f\u6587\u6750\u6599\u3002\u957f\u6587\u6750\u6599\u3002\u957f\u6587\u6750\u6599\u3002\u957f\u6587\u6750\u6599\u3002\u957f\u6587\u6750\u6599\u3002\u957f\u6587\u6750\u6599\u3002\u957f\u6587\u6750\u6599\u3002\u957f\u6587\u6750\u6599\u3002\u957f\u6587\u6750\u6599\u3002\u957f\u6587\u6750\u6599\u3002\u957f\u6587\u6750\u6599\u3002\u957f\u6587\u6750\u6599\u3002\u957f\u6587\u6750\u6599\u3002\u957f\u6587\u6750\u6599\u3002\u957f\u6587\u6750\u6599\u3002\u957f\u6587\u6750\u6599\u3002\u957f\u6587\u6750\u6599\u3002\u957f\u6587\u6750\u6599\u3002\u957f\u6587\u6750\u6599\u3002\u957f\u6587\u6750\u6599\u3002\u957f\u6587\u6750\u6599\u3002\u957f\u6587\u6750\u6599\u3002\u957f\u6587\u6750\u6599\u3002\u957f\u6587\u6750\u6599\u3002\u957f\u6587\u6750\u6599\u3002\u957f\u6587\u6750\u6599\u3002\u957f\u6587\u6750\u6599\u3002\u957f\u6587\u6750\u6599\u3002\u957f\u6587\u6750\u6599\u3002\u957f\u6587\u6750\u6599\u3002\u957f\u6587\u6750\u6599\u3002\u957f\u6587\u6750\u6599\u3002\u957f\u6587\u6750\u6599\u3002\u957f\u6587\u6750\u6599\u3002\u957f\u6587\u6750\u6599\u3002\u957f\u6587\u6750\u6599\u3002\u957f\u6587\u6750\u6599\u3002\u957f\u6587\u6750\u6599\u3002\u957f\u6587\u6750\u6599\u3002\u957f\u6587\u6750\u6599\u3002\u957f\u6587\u6750\u6599\u3002\u957f\u6587\u6750\u6599\u3002\u957f\u6587\u6750\u6599\u3002\u957f\u6587\u6750\u6599\u3002\u957f\u6587\u6750\u6599\u3002\u957f\u6587\u6750\u6599\u3002\u957f\u6587\u6750\u6599\u3002\u957f\u6587\u6750\u6599\u3002\u957f\u6587\u6750\u6599\u3002\u957f\u6587\u6750\u6599\u3002\u957f\u6587\u6750\u6599\u3002\u957f\u6587\u6750\u6599\u3002\u957f\u6587\u6750\u6599\u3002\u957f\u6587\u6750\u6599\u3002\u957f\u6587\u6750\u6599\u3002\u957f\u6587\u6750\u6599\u3002\u957f\u6587\u6750\u6599\u3002\u957f\u6587\u6750\u6599\u3002\u957f\u6587\u6750\u6599\u3002\u957f\u6587\u6750\u6599\u3002\u957f\u6587\u6750\u6599\u3002\u957f\u6587\u6750\u6599\u3002\u957f\u6587\u6750\u6599\u3002\u957f\u6587\u6750\u6599\u3002\u957f\u6587\u6750\u6599\u3002\u957f\u6587\u6750\u6599\u3002\u957f\u6587\u6750\u6599\u3002\u957f\u6587\u6750\u6599\u3002\u957f\u6587\u6750\u6599\u3002\u957f\u6587\u6750\u6599\u3002\u957f\u6587\u6750\u6599\u3002\u957f\u6587\u6750\u6599\u3002\u957f\u6587\u6750\u6599\u3002\u957f\u6587\u6750\u6599\u3002\u957f\u6587\u6750\u6599\u3002\u957f\u6587\u6750\u6599\u3002\u957f\u6587\u6750\u6599\u3002\u957f\u6587\u6750\u6599\u3002\u957f\u6587\u6750\u6599\u3002\u957f\u6587\u6750\u6599\u3002\u957f\u6587\u6750\u6599\u3002\u957f\u6587\u6750\u6599\u3002\u957f\u6587\u6750\u6599\u3002\u957f\u6587\u6750\u6599\u3002\u957f\u6587\u6750\u6599\u3002\u957f\u6587\u6750\u6599\u3002\u957f\u6587\u6750\u6599\u3002\u957f\u6587\u6750\u6599\u3002\u957f\u6587\u6750\u6599\u3002\u957f\u6587\u6750\u6599\u3002\u957f\u6587\u6750\u6599\u3002\u957f\u6587\u6750\u6599\u3002\u957f\u6587\u6750\u6599\u3002\u957f\u6587\u6750\u6599\u3002\u957f\u6587\u6750\u6599\u3002\u957f\u6587\u6750\u6599\u3002\u957f\u6587\u6750\u6599\u3002\u957f\u6587\u6750\u6599\u3002\u957f\u6587\u6750\u6599\u3002\u957f\u6587\u6750\u6599\u3002\u957f\u6587\u6750\u6599\u3002\u957f\u6587\u6750\u6599\u3002\u957f\u6587\u6750\u6599\u3002\u957f\u6587\u6750\u6599\u3002\u957f\u6587\u6750\u6599\u3002\u957f\u6587\u6750\u6599\u3002\u957f\u6587\u6750\u6599\u3002\u957f\u6587\u6750\u6599\u3002\u957f\u6587\u6750\u6599\u3002\u957f\u6587\u6750\u6599\u3002\u957f\u6587\u6750\u6599\u3002\u957f\u6587\u6750\u6599\u3002\u957f\u6587\u6750\u6599\u3002\u957f\u6587\u6750\u6599\u3002\u957f\u6587\u6750\u6599\u3002\u957f\u6587\u6750\u6599\u3002\u957f\u6587\u6750\u6599\u3002\u957f\u6587\u6750\u6599\u3002\u957f\u6587\u6750\u6599\u3002\u957f\u6587\u6750\u6599\u3002\u957f\u6587\u6750\u6599\u3002\u957f\u6587\u6750\u6599\u3002\u957f\u6587\u6750\u6599\u3002\u957f\u6587\u6750\u6599\u3002\u957f\u6587\u6750\u6599\u3002\u957f\u6587\u6750\u6599\u3002\u957f\u6587\u6750\u6599\u3002\u957f\u6587\u6750\u6599\u3002\u957f\u6587\u6750\u6599\u3002\u957f\u6587\u6750\u6599\u3002\u957f\u6587\u6750\u6599\u3002\u957f\u6587\u6750\u6599\u3002\u957f\u6587\u6750\u6599\u3002\u957f\u6587\u6750\u6599\u3002\u957f\u6587\u6750\u6599\u3002\u957f\u6587\u6750\u6599\u3002\u957f\u6587\u6750\u6599\u3002\u957f\u6587\u6750\u6599\u3002\u957f\u6587\u6750\u6599\u3002\u957f\u6587\u6750\u6599\u3002\u957f\u6587\u6750\u6599\u3002\u957f\u6587\u6750\u6599\u3002\u957f\u6587\u6750\u6599\u3002\u957f\u6587\u6750\u6599\u3002\u957f\u6587\u6750\u6599\u3002\u957f\u6587\u6750\u6599\u3002\u957f\u6587\u6750\u6599\u3002\u957f\u6587\u6750\u6599\u3002\u957f\u6587\u6750\u6599\u3002\u957f\u6587\u6750\u6599\u3002\u957f\u6587\u6750\u6599\u3002\u957f\u6587\u6750\u6599\u3002\u957f\u6587\u6750\u6599\u3002\u957f\u6587\u6750\u6599\u3002\u957f\u6587\u6750\u6599\u3002\u957f\u6587\u6750\u6599\u3002\u957f\u6587\u6750\u6599\u3002\u957f\u6587\u6750\u6599\u3002\u957f\u6587\u6750\u6599\u3002\u957f\u6587\u6750\u6599\u3002\u957f\u6587\u6750\u6599\u3002\u957f\u6587\u6750\u6599\u3002\u957f\u6587\u6750\u6599\u3002\u957f\u6587\u6750\u6599\u3002\u957f\u6587\u6750\u6599\u3002\u957f\u6587\u6750\u6599\u3002\u957f\u6587\u6750\u6599\u3002\u957f\u6587\u6750\u6599\u3002\u957f\u6587\u6750\u6599\u3002\u957f\u6587\u6750\u6599\u3002\u957f\u6587\u6750\u6599\u3002\u957f\u6587\u6750\u6599\u3002\u957f\u6587\u6750\u6599\u3002\u957f\u6587\u6750\u6599\u3002\u957f\u6587\u6750\u6599\u3002\u957f\u6587\u6750\u6599\u3002\u957f\u6587\u6750\u6599\u3002\u957f\u6587\u6750\u6599\u3002\u957f\u6587\u6750\u6599\u3002\u957f\u6587\u6750\u6599\u3002\u957f\u6587\u6750\u6599\u3002\u957f\u6587\u6750\u6599\u3002\u957f\u6587\u6750\u6599\u3002\u957f\u6587\u6750\u6599\u3002\u957f\u6587\u6750\u6599\u3002\u957f\u6587\u6750\u6599\u3002\u957f\u6587\u6750\u6599\u3002\u957f\u6587\u6750\u6599\u3002\u957f\u6587\u6750\u6599\u3002\u957f\u6587\u6750\u6599\u3002\u957f\u6587\u6750\u6599\u3002\u957f\u6587\u6750\u6599\u3002\u957f\u6587\u6750\u6599\u3002\u957f\u6587\u6750\u6599\u3002\u957f\u6587\u6750\u6599\u3002\u957f\u6587\u6750\u6599\u3002\u957f\u6587\u6750\u6599\u3002\u957f\u6587\u6750\u6599\u3002\u957f\u6587\u6750\u6599\u3002\u957f\u6587\u6750\u6599\u3002\u957f\u6587\u6750\u6599\u3002\u957f\u6587\u6750\u6599\u3002\u957f\u6587\u6750\u6599\u3002\u957f\u6587\u6750\u6599\u3002\u957f\u6587\u6750\u6599\u3002\u957f\u6587\u6750\u6599\u3002\u957f\u6587\u6750\u6599\u3002\u957f\u6587\u6750\u6599\u3002\u957f\u6587\u6750\u6599\u3002\u957f\u6587\u6750\u6599\u3002\u957f\u6587\u6750\u6599\u3002\u957f\u6587\u6750\u6599\u3002\u957f\u6587\u6750\u6599\u3002\u957f\u6587\u6750\u6599\u3002\u957f\u6587\u6750\u6599\u3002\u957f\u6587\u6750\u6599\u3002\u957f\u6587\u6750\u6599\u3002\u957f\u6587\u6750\u6599\u3002\u957f\u6587\u6750\u6599\u3002\u957f\u6587\u6750\u6599\u3002\u957f\u6587\u6750\u6599\u3002\u957f\u6587\u6750\u6599\u3002\u957f\u6587\u6750\u6599\u3002\u957f\u6587\u6750\u6599\u3002\u957f\u6587\u6750\u6599\u3002\u957f\u6587\u6750\u6599\u3002\u957f\u6587\u6750\u6599\u3002\u957f\u6587\u6750\u6599\u3002\u957f\u6587\u6750\u6599\u3002\u957f\u6587\u6750\u6599\u3002\u957f\u6587\u6750\u6599\u3002\u957f\u6587\u6750\u6599\u3002\u957f\u6587\u6750\u6599\u3002\u957f\u6587\u6750\u6599\u3002\u957f\u6587\u6750\u6599\u3002\u957f\u6587\u6750\u6599\u3002\u957f\u6587\u6750\u6599\u3002\u957f\u6587\u6750\u6599\u3002\u957f\u6587\u6750\u6599\u3002\u957f\u6587\u6750\u6599\u3002\u957f\u6587\u6750\u6599\u3002\u957f\u6587\u6750\u6599\u3002\u957f\u6587\u6750\u6599\u3002\u957f\u6587\u6750\u6599\u3002\u957f\u6587\u6750\u6599\u3002\u957f\u6587\u6750\u6599\u3002\u957f\u6587\u6750\u6599\u3002\u957f\u6587\u6750\u6599\u3002\u957f\u6587\u6750\u6599\u3002\u957f\u6587\u6750\u6599\u3002\u957f\u6587\u6750\u6599\u3002\u957f\u6587\u6750\u6599\u3002\u957f\u6587\u6750\u6599\u3002\u957f\u6587\u6750\u6599\u3002\u957f\u6587\u6750\u6599\u3002\u957f\u6587\u6750\u6599\u3002\u957f\u6587\u6750\u6599\u3002\u957f\u6587\u6750\u6599\u3002\u957f\u6587\u6750\u6599\u3002\u957f\u6587\u6750\u6599\u3002\u957f\u6587\u6750\u6599\u3002\u957f\u6587\u6750\u6599\u3002\u957f\u6587\u6750\u6599\u3002\u957f\u6587\u6750\u6599\u3002\u957f\u6587\u6750\u6599\u3002\u957f\u6587\u6750\u6599\u3002\u957f\u6587\u6750\u6599\u3002\u957f\u6587\u6750\u6599\u3002\u957f\u6587\u6750\u6599\u3002\u957f\u6587\u6750\u6599\u3002\u957f\u6587\u6750\u6599\u3002\u957f\u6587\u6750\u6599\u3002\u957f\u6587\u6750\u6599\u3002\u957f\u6587\u6750\u6599\u3002\u957f\u6587\u6750\u6599\u3002\u957f\u6587\u6750\u6599\u3002\u957f\u6587\u6750\u6599\u3002\u957f\u6587\u6750\u6599\u3002\u957f\u6587\u6750\u6599\u3002\u957f\u6587\u6750\u6599\u3002\u957f\u6587\u6750\u6599\u3002\u957f\u6587\u6750\u6599\u3002\u957f\u6587\u6750\u6599\u3002\u957f\u6587\u6750\u6599\u3002\u957f\u6587\u6750\u6599\u3002\u957f\u6587\u6750\u6599\u3002\u957f\u6587\u6750\u6599\u3002\u957f\u6587\u6750\u6599\u3002\u957f\u6587\u6750\u6599\u3002\u957f\u6587\u6750\u6599\u3002\u957f\u6587\u6750\u6599\u3002\u957f\u6587\u6750\u6599\u3002\u957f\u6587\u6750\u6599\u3002\u957f\u6587\u6750\u6599\u3002\u957f\u6587\u6750\u6599\u3002\u957f\u6587\u6750\u6599\u3002\u957f\u6587\u6750\u6599\u3002\u957f\u6587\u6750\u6599\u3002\u957f\u6587\u6750\u6599\u3002\u957f\u6587\u6750\u6599\u3002\u957f\u6587\u6750\u6599\u3002\u957f\u6587\u6750\u6599\u3002\u957f\u6587\u6750\u6599\u3002\u957f\u6587\u6750\u6599\u3002\u957f\u6587\u6750\u6599\u3002\u957f\u6587\u6750\u6599\u3002\u957f\u6587\u6750\u6599\u3002\u957f\u6587\u6750\u6599\u3002\u957f\u6587\u6750\u6599\u3002\u957f\u6587\u6750\u6599\u3002\u957f\u6587\u6750\u6599\u3002\u957f\u6587\u6750\u6599\u3002\u957f\u6587\u6750\u6599\u3002\u957f\u6587\u6750\u6599\u3002\u957f\u6587\u6750\u6599\u3002\u957f\u6587\u6750\u6599\u3002\u957f\u6587\u6750\u6599\u3002\u957f\u6587\u6750\u6599\u3002\u957f\u6587\u6750\u6599\u3002\u957f\u6587\u6750\u6599\u3002\u957f\u6587\u6750\u6599\u3002\u957f\u6587\u6750\u6599\u3002\u957f\u6587\u6750\u6599\u3002\u957f\u6587\u6750\u6599\u3002\u957f\u6587\u6750\u6599\u3002\u957f\u6587\u6750\u6599\u3002\u957f\u6587\u6750\u6599\u3002\u957f\u6587\u6750\u6599\u3002\u957f\u6587\u6750\u6599\u3002\u957f\u6587\u6750\u6599\u3002\u957f\u6587\u6750\u6599\u3002\u957f\u6587\u6750\u6599\u3002\u957f\u6587\u6750\u6599\u3002\u957f\u6587\u6750\u6599\u3002\u957f\u6587\u6750\u6599\u3002\u957f\u6587\u6750\u6599\u3002\u957f\u6587\u6750\u6599\u3002\u957f\u6587\u6750\u6599\u3002\u957f\u6587\u6750\u6599\u3002\u957f\u6587\u6750\u6599\u3002\u957f\u6587\u6750\u6599\u3002\u957f\u6587\u6750\u6599\u3002\u957f\u6587\u6750\u6599\u3002\u957f\u6587\u6750\u6599\u3002\u957f\u6587\u6750\u6599\u3002\u957f\u6587\u6750\u6599\u3002\u957f\u6587\u6750\u6599\u3002\u957f\u6587\u6750\u6599\u3002\u957f\u6587\u6750\u6599\u3002\u957f\u6587\u6750\u6599\u3002\u957f\u6587\u6750\u6599\u3002\u957f\u6587\u6750\u6599\u3002\u957f\u6587\u6750\u6599\u3002\u957f\u6587\u6750\u6599\u3002\u957f\u6587\u6750\u6599\u3002\u957f\u6587\u6750\u6599\u3002\u957f\u6587\u6750\u6599\u3002\u957f\u6587\u6750\u6599\u3002\u957f\u6587\u6750\u6599\u3002\u957f\u6587\u6750\u6599\u3002\u957f\u6587\u6750\u6599\u3002\u957f\u6587\u6750\u6599\u3002\u957f\u6587\u6750\u6599\u3002\u957f\u6587\u6750\u6599\u3002\u957f\u6587\u6750\u6599\u3002\u957f\u6587\u6750\u6599\u3002\u957f\u6587\u6750\u6599\u3002\u957f\u6587\u6750\u6599\u3002\u957f\u6587\u6750\u6599\u3002\u957f\u6587\u6750\u6599\u3002\u957f\u6587\u6750\u6599\u3002\u957f\u6587\u6750\u6599\u3002\u957f\u6587\u6750\u6599\u3002\u957f\u6587\u6750\u6599\u3002\u957f\u6587\u6750\u6599\u3002\u957f\u6587\u6750\u6599\u3002\u957f\u6587\u6750\u6599\u3002\u957f\u6587\u6750\u6599\u3002\u957f\u6587\u6750\u6599\u3002\u957f\u6587\u6750\u6599\u3002\u957f\u6587\u6750\u6599\u3002\u957f\u6587\u6750\u6599\u3002\u957f\u6587\u6750\u6599\u3002\u957f\u6587\u6750\u6599\u3002\u957f\u6587\u6750\u6599\u3002\u957f\u6587\u6750\u6599\u3002\u957f\u6587\u6750\u6599\u3002\u957f\u6587\u6750\u6599\u3002\u957f\u6587\u6750\u6599\u3002\u957f\u6587\u6750\u6599\u3002\u957f\u6587\u6750\u6599\u3002\u957f\u6587\u6750\u6599\u3002\u957f\u6587\u6750\u6599\u3002\u957f\u6587\u6750\u6599\u3002\u957f\u6587\u6750\u6599\u3002\u957f\u6587\u6750\u6599\u3002\u957f\u6587\u6750\u6599\u3002\u957f\u6587\u6750\u6599\u3002\u957f\u6587\u6750\u6599\u3002\u957f\u6587\u6750\u6599\u3002\u957f\u6587\u6750\u6599\u3002\u957f\u6587\u6750\u6599\u3002\u957f\u6587\u6750\u6599\u3002\u957f\u6587\u6750\u6599\u3002\u957f\u6587\u6750\u6599\u3002\u957f\u6587\u6750\u6599\u3002\u957f\u6587\u6750\u6599\u3002\u957f\u6587\u6750\u6599\u3002\u957f\u6587\u6750\u6599\u3002\u957f\u6587\u6750\u6599\u3002\u957f\u6587\u6750\u6599\u3002\u957f\u6587\u6750\u6599\u3002\u957f\u6587\u6750\u6599\u3002\u957f\u6587\u6750\u6599\u3002\u957f\u6587\u6750\u6599\u3002\u957f\u6587\u6750\u6599\u3002\u957f\u6587\u6750\u6599\u3002\u957f\u6587\u6750\u6599\u3002\u957f\u6587\u6750\u6599\u3002\u957f\u6587\u6750\u6599\u3002\u957f\u6587\u6750\u6599\u3002\u957f\u6587\u6750\u6599\u3002\u957f\u6587\u6750\u6599\u3002\u957f\u6587\u6750\u6599\u3002\u957f\u6587\u6750\u6599\u3002\u957f\u6587\u6750\u6599\u3002\u957f\u6587\u6750\u6599\u3002\u957f\u6587\u6750\u6599\u3002\u957f\u6587\u6750\u6599\u3002\u957f\u6587\u6750\u6599\u3002\u957f\u6587\u6750\u6599\u3002\u957f\u6587\u6750\u6599\u3002\u957f\u6587\u6750\u6599\u3002\u957f\u6587\u6750\u6599\u3002\u957f\u6587\u6750\u6599\u3002\u957f\u6587\u6750\u6599\u3002\u957f\u6587\u6750\u6599\u3002\u957f\u6587\u6750\u6599\u3002\u957f\u6587\u6750\u6599\u3002\u957f\u6587\u6750\u6599\u3002\u957f\u6587\u6750\u6599\u3002\u957f\u6587\u6750\u6599\u3002\u957f\u6587\u6750\u6599\u3002\u957f\u6587\u6750\u6599\u3002\u957f\u6587\u6750\u6599\u3002\u957f\u6587\u6750\u6599\u3002\u957f\u6587\u6750\u6599\u3002\u957f\u6587\u6750\u6599\u3002\u957f\u6587\u6750\u6599\u3002\u957f\u6587\u6750\u6599\u3002\u957f\u6587\u6750\u6599\u3002\u957f\u6587\u6750\u6599\u3002\u957f\u6587\u6750\u6599\u3002\u957f\u6587\u6750\u6599\u3002\u957f\u6587\u6750\u6599\u3002\u957f\u6587\u6750\u6599\u3002\u957f\u6587\u6750\u6599\u3002\u957f\u6587\u6750\u6599\u3002\u957f\u6587\u6750\u6599\u3002\u957f\u6587\u6750\u6599\u3002\u957f\u6587\u6750\u6599\u3002\u957f\u6587\u6750\u6599\u3002\u957f\u6587\u6750\u6599\u3002\u957f\u6587\u6750\u6599\u3002\u957f\u6587\u6750\u6599\u3002\u957f\u6587\u6750\u6599\u3002\u957f\u6587\u6750\u6599\u3002\u957f\u6587\u6750\u6599\u3002\u957f\u6587\u6750\u6599\u3002\u957f\u6587\u6750\u6599\u3002\u957f\u6587\u6750\u6599\u3002\u957f\u6587\u6750\u6599\u3002\u957f\u6587\u6750\u6599\u3002\u957f\u6587\u6750\u6599\u3002\u957f\u6587\u6750\u6599\u3002\u957f\u6587\u6750\u6599\u3002\u957f\u6587\u6750\u6599\u3002\u957f\u6587\u6750\u6599\u3002\u957f\u6587\u6750\u6599\u3002\u957f\u6587\u6750\u6599\u3002\u957f\u6587\u6750\u6599\u3002\u957f\u6587\u6750\u6599\u3002\u957f\u6587\u6750\u6599\u3002\u957f\u6587\u6750\u6599\u3002\u957f\u6587\u6750\u6599\u3002\u957f\u6587\u6750\u6599\u3002\u957f\u6587\u6750\u6599\u3002\u957f\u6587\u6750\u6599\u3002\u957f\u6587\u6750\u6599\u3002\u957f\u6587\u6750\u6599\u3002\u957f\u6587\u6750\u6599\u3002\u957f\u6587\u6750\u6599\u3002\u957f\u6587\u6750\u6599\u3002\u957f\u6587\u6750\u6599\u3002\u957f\u6587\u6750\u6599\u3002\u957f\u6587\u6750\u6599\u3002\u957f\u6587\u6750\u6599\u3002\u957f\u6587\u6750\u6599\u3002\u957f\u6587\u6750\u6599\u3002\u957f\u6587\u6750\u6599\u3002\u957f\u6587\u6750\u6599\u3002\u957f\u6587\u6750\u6599\u3002\u957f\u6587\u6750\u6599\u3002\u957f\u6587\u6750\u6599\u3002\u957f\u6587\u6750\u6599\u3002\u957f\u6587\u6750\u6599\u3002\u957f\u6587\u6750\u6599\u3002\u957f\u6587\u6750\u6599\u3002\u957f\u6587\u6750\u6599\u3002\u957f\u6587\u6750\u6599\u3002\u957f\u6587\u6750\u6599\u3002\u957f\u6587\u6750\u6599\u3002\u957f\u6587\u6750\u6599\u3002\u957f\u6587\u6750\u6599\u3002\u957f\u6587\u6750\u6599\u3002\u957f\u6587\u6750\u6599\u3002\u957f\u6587\u6750\u6599\u3002\u957f\u6587\u6750\u6599\u3002\u957f\u6587\u6750\u6599\u3002\u957f\u6587\u6750\u6599\u3002\u957f\u6587\u6750\u6599\u3002\u957f\u6587\u6750\u6599\u3002\u957f\u6587\u6750\u6599\u3002\u957f\u6587\u6750\u6599\u3002\u957f\u6587\u6750\u6599\u3002\u957f\u6587\u6750\u6599\u3002\u957f\u6587\u6750\u6599\u3002\u957f\u6587\u6750\u6599\u3002\u957f\u6587\u6750\u6599\u3002\u957f\u6587\u6750\u6599\u3002\u957f\u6587\u6750\u6599\u3002\u957f\u6587\u6750\u6599\u3002\u957f\u6587\u6750\u6599\u3002\u957f\u6587\u6750\u6599\u3002\u957f\u6587\u6750\u6599\u3002\u957f\u6587\u6750\u6599\u3002\u957f\u6587\u6750\u6599\u3002\u957f\u6587\u6750\u6599\u3002\u957f\u6587\u6750\u6599\u3002\u957f\u6587\u6750\u6599\u3002\u957f\u6587\u6750\u6599\u3002\u957f\u6587\u6750\u6599\u3002\u957f\u6587\u6750\u6599\u3002\u957f\u6587\u6750\u6599\u3002\u957f\u6587\u6750\u6599\u3002\u957f\u6587\u6750\u6599\u3002\u957f\u6587\u6750\u6599\u3002\u957f\u6587\u6750\u6599\u3002\u957f\u6587\u6750\u6599\u3002\u957f\u6587\u6750\u6599\u3002\u957f\u6587\u6750\u6599\u3002\u957f\u6587\u6750\u6599\u3002\u957f\u6587\u6750\u6599\u3002\u957f\u6587\u6750\u6599\u3002\u957f\u6587\u6750\u6599\u3002\u957f\u6587\u6750\u6599\u3002\u957f\u6587\u6750\u6599\u3002\u957f\u6587\u6750\u6599\u3002\u957f\u6587\u6750\u6599\u3002\u957f\u6587\u6750\u6599\u3002\u957f\u6587\u6750\u6599\u3002\u957f\u6587\u6750\u6599\u3002\u957f\u6587\u6750\u6599\u3002\u957f\u6587\u6750\u6599\u3002\u957f\u6587\u6750\u6599\u3002\u957f\u6587\u6750\u6599\u3002\u957f\u6587\u6750\u6599\u3002\u957f\u6587\u6750\u6599\u3002\u957f\u6587\u6750\u6599\u3002\u957f\u6587\u6750\u6599\u3002\u957f\u6587\u6750\u6599\u3002\u957f\u6587\u6750\u6599\u3002\u957f\u6587\u6750\u6599\u3002\u957f\u6587\u6750\u6599\u3002\u957f\u6587\u6750\u6599\u3002\u957f\u6587\u6750\u6599\u3002\u957f\u6587\u6750\u6599\u3002\u957f\u6587\u6750\u6599\u3002\u957f\u6587\u6750\u6599\u3002\u957f\u6587\u6750\u6599\u3002\u957f\u6587\u6750\u6599\u3002\u957f\u6587\u6750\u6599\u3002\u957f\u6587\u6750\u6599\u3002\u957f\u6587\u6750\u6599\u3002\u957f\u6587\u6750\u6599\u3002\u957f\u6587\u6750\u6599\u3002\u957f\u6587\u6750\u6599\u3002\u957f\u6587\u6750\u6599\u3002\u957f\u6587\u6750\u6599\u3002\u957f\u6587\u6750\u6599\u3002\u957f\u6587\u6750\u6599\u3002\u957f\u6587\u6750\u6599\u3002\u957f\u6587\u6750\u6599\u3002\u957f\u6587\u6750\u6599\u3002\u957f\u6587\u6750\u6599\u3002\u957f\u6587\u6750\u6599\u3002\u957f\u6587\u6750\u6599\u3002\u957f\u6587\u6750\u6599\u3002\u957f\u6587\u6750\u6599\u3002\u957f\u6587\u6750\u6599\u3002\u957f\u6587\u6750\u6599\u3002\u957f\u6587\u6750\u6599\u3002\u957f\u6587\u6750\u6599\u3002\u957f\u6587\u6750\u6599\u3002\u957f\u6587\u6750\u6599\u3002\u957f\u6587\u6750\u6599\u3002\u957f\u6587\u6750\u6599\u3002\u957f\u6587\u6750\u6599\u3002\u957f\u6587\u6750\u6599\u3002\u957f\u6587\u6750\u6599\u3002\u957f\u6587\u6750\u6599\u3002\u957f\u6587\u6750\u6599\u3002\u957f\u6587\u6750\u6599\u3002\u957f\u6587\u6750\u6599\u3002\u957f\u6587\u6750\u6599\u3002\u957f\u6587\u6750\u6599\u3002\u957f\u6587\u6750\u6599\u3002\u957f\u6587\u6750\u6599\u3002\u957f\u6587\u6750\u6599\u3002\u957f\u6587\u6750\u6599\u3002\u957f\u6587\u6750\u6599\u3002\u957f\u6587\u6750\u6599\u3002\u957f\u6587\u6750\u6599\u3002\u957f\u6587\u6750\u6599\u3002\u957f\u6587\u6750\u6599\u3002\u957f\u6587\u6750\u6599\u3002\u957f\u6587\u6750\u6599\u3002\u957f\u6587\u6750\u6599\u3002\u957f\u6587\u6750\u6599\u3002\u957f\u6587\u6750\u6599\u3002\u957f\u6587\u6750\u6599\u3002\u957f\u6587\u6750\u6599\u3002\u957f\u6587\u6750\u6599\u3002\u957f\u6587\u6750\u6599\u3002\u957f\u6587\u6750\u6599\u3002\u957f\u6587\u6750\u6599\u3002\u957f\u6587\u6750\u6599\u3002\u957f\u6587\u6750\u6599\u3002\u957f\u6587\u6750\u6599\u3002\u957f\u6587\u6750\u6599\u3002\u957f\u6587\u6750\u6599\u3002\u957f\u6587\u6750\u6599\u3002\u957f\u6587\u6750\u6599\u3002\u957f\u6587\u6750\u6599\u3002\u957f\u6587\u6750\u6599\u3002\u957f\u6587\u6750\u6599\u3002\u957f\u6587\u6750\u6599\u3002\u957f\u6587\u6750\u6599\u3002\u957f\u6587\u6750\u6599\u3002\u957f\u6587\u6750\u6599\u3002\u957f\u6587\u6750\u6599\u3002\u957f\u6587\u6750\u6599\u3002\u957f\u6587\u6750\u6599\u3002\u957f\u6587\u6750\u6599\u3002\u957f\u6587\u6750\u6599\u3002\u957f\u6587\u6750\u6599\u3002\u957f\u6587\u6750\u6599\u3002\u957f\u6587\u6750\u6599\u3002\u957f\u6587\u6750\u6599\u3002\u957f\u6587\u6750\u6599\u3002\u957f\u6587\u6750\u6599\u3002\u957f\u6587\u6750\u6599\u3002\u957f\u6587\u6750\u6599\u3002\u957f\u6587\u6750\u6599\u3002\u957f\u6587\u6750\u6599\u3002\u957f\u6587\u6750\u6599\u3002\u957f\u6587\u6750\u6599\u3002\u957f\u6587\u6750\u6599\u3002\u957f\u6587\u6750\u6599\u3002\u957f\u6587\u6750\u6599\u3002\u957f\u6587\u6750\u6599\u3002\u957f\u6587\u6750\u6599\u3002\u957f\u6587\u6750\u6599\u3002\u957f\u6587\u6750\u6599\u3002\u957f\u6587\u6750\u6599\u3002\u957f\u6587\u6750\u6599\u3002\u957f\u6587\u6750\u6599\u3002\u957f\u6587\u6750\u6599\u3002\u957f\u6587\u6750\u6599\u3002\u957f\u6587\u6750\u6599\u3002\u957f\u6587\u6750\u6599\u3002\u957f\u6587\u6750\u6599\u3002\u957f\u6587\u6750\u6599\u3002\u957f\u6587\u6750\u6599\u3002\u957f\u6587\u6750\u6599\u3002\u957f\u6587\u6750\u6599\u3002\u957f\u6587\u6750\u6599\u3002\u957f\u6587\u6750\u6599\u3002\u957f\u6587\u6750\u6599\u3002\u957f\u6587\u6750\u6599\u3002\u957f\u6587\u6750\u6599\u3002\u957f\u6587\u6750\u6599\u3002\u957f\u6587\u6750\u6599\u3002\u957f\u6587\u6750\u6599\u3002\u957f\u6587\u6750\u6599\u3002\u957f\u6587\u6750\u6599\u3002\u957f\u6587\u6750\u6599\u3002\u957f\u6587\u6750\u6599\u3002\u957f\u6587\u6750\u6599\u3002\u957f\u6587\u6750\u6599\u3002\u957f\u6587\u6750\u6599\u3002\u957f\u6587\u6750\u6599\u3002\u957f\u6587\u6750\u6599\u3002\u957f\u6587\u6750\u6599\u3002\u957f\u6587\u6750\u6599\u3002\u957f\u6587\u6750\u6599\u3002\u957f\u6587\u6750\u6599\u3002\u957f\u6587\u6750\u6599\u3002\u957f\u6587\u6750\u6599\u3002\u957f\u6587\u6750\u6599\u3002\u957f\u6587\u6750\u6599\u3002\u957f\u6587\u6750\u6599\u3002\u957f\u6587\u6750\u6599\u3002\u957f\u6587\u6750\u6599\u3002\u957f\u6587\u6750\u6599\u3002\u957f\u6587\u6750\u6599\u3002\u957f\u6587\u6750\u6599\u3002\u957f\u6587\u6750\u6599\u3002\u957f\u6587\u6750\u6599\u3002\u957f\u6587\u6750\u6599\u3002\u957f\u6587\u6750\u6599\u3002\u957f\u6587\u6750\u6599\u3002\u957f\u6587\u6750\u6599\u3002\u957f\u6587\u6750\u6599\u3002\u957f\u6587\u6750\u6599\u3002\u957f\u6587\u6750\u6599\u3002\u957f\u6587\u6750\u6599\u3002\u957f\u6587\u6750\u6599\u3002\u957f\u6587\u6750\u6599\u3002\u957f\u6587\u6750\u6599\u3002\u957f\u6587\u6750\u6599\u3002\u957f\u6587\u6750\u6599\u3002\u957f\u6587\u6750\u6599\u3002\u957f\u6587\u6750\u6599\u3002\u957f\u6587\u6750\u6599\u3002\u957f\u6587\u6750\u6599\u3002\u957f\u6587\u6750\u6599\u3002\u957f\u6587\u6750\u6599\u3002\u957f\u6587\u6750\u6599\u3002\u957f\u6587\u6750\u6599\u3002\u957f\u6587\u6750\u6599\u3002\u957f\u6587\u6750\u6599\u3002\u957f\u6587\u6750\u6599\u3002\u957f\u6587\u6750\u6599\u3002\u957f\u6587\u6750\u6599\u3002\u957f\u6587\u6750\u6599\u3002\u957f\u6587\u6750\u6599\u3002\u957f\u6587\u6750\u6599\u3002\u957f\u6587\u6750\u6599\u3002\u957f\u6587\u6750\u6599\u3002\u957f\u6587\u6750\u6599\u3002\u957f\u6587\u6750\u6599\u3002\u957f\u6587\u6750\u6599\u3002\u957f\u6587\u6750\u6599\u3002\u957f\u6587\u6750\u6599\u3002\u957f\u6587\u6750\u6599\u3002\u957f\u6587\u6750\u6599\u3002\u957f\u6587\u6750\u6599\u3002\u957f\u6587\u6750\u6599\u3002\u957f\u6587\u6750\u6599\u3002\u957f\u6587\u6750\u6599\u3002\u957f\u6587\u6750\u6599\u3002\u957f\u6587\u6750\u6599\u3002\u957f\u6587\u6750\u6599\u3002\u957f\u6587\u6750\u6599\u3002\u957f\u6587\u6750\u6599\u3002\u957f\u6587\u6750\u6599\u3002\u957f\u6587\u6750\u6599\u3002\u957f\u6587\u6750\u6599\u3002\u957f\u6587\u6750\u6599\u3002\u957f\u6587\u6750\u6599\u3002\u957f\u6587\u6750\u6599\u3002\u957f\u6587\u6750\u6599\u3002\u957f\u6587\u6750\u6599\u3002\u957f\u6587\u6750\u6599\u3002\u957f\u6587\u6750\u6599\u3002\u957f\u6587\u6750\u6599\u3002\u957f\u6587\u6750\u6599\u3002\u957f\u6587\u6750\u6599\u3002\u957f\u6587\u6750\u6599\u3002\u957f\u6587\u6750\u6599\u3002\u957f\u6587\u6750\u6599\u3002\u957f\u6587\u6750\u6599\u3002\u957f\u6587\u6750\u6599\u3002\u957f\u6587\u6750\u6599\u3002\u957f\u6587\u6750\u6599\u3002\u957f\u6587\u6750\u6599\u3002\u957f\u6587\u6750\u6599\u3002\u957f\u6587\u6750\u6599\u3002\u957f\u6587\u6750\u6599\u3002\u957f\u6587\u6750\u6599\u3002\u957f\u6587\u6750\u6599\u3002\u957f\u6587\u6750\u6599\u3002\u957f\u6587\u6750\u6599\u3002\u957f\u6587\u6750\u6599\u3002\u957f\u6587\u6750\u6599\u3002\u957f\u6587\u6750\u6599\u3002\u957f\u6587\u6750\u6599\u3002\u957f\u6587\u6750\u6599\u3002\u957f\u6587\u6750\u6599\u3002\u957f\u6587\u6750\u6599\u3002\u957f\u6587\u6750\u6599\u3002\u957f\u6587\u6750\u6599\u3002\u957f\u6587\u6750\u6599\u3002\u957f\u6587\u6750\u6599\u3002\u957f\u6587\u6750\u6599\u3002\u957f\u6587\u6750\u6599\u3002\u957f\u6587\u6750\u6599\u3002\u957f\u6587\u6750\u6599\u3002\u957f\u6587\u6750\u6599\u3002\u957f\u6587\u6750\u6599\u3002\u957f\u6587\u6750\u6599\u3002\u957f\u6587\u6750\u6599\u3002\u957f\u6587\u6750\u6599\u3002\u957f\u6587\u6750\u6599\u3002\u957f\u6587\u6750\u6599\u3002\u957f\u6587\u6750\u6599\u3002\u957f\u6587\u6750\u6599\u3002\u957f\u6587\u6750\u6599\u3002\u957f\u6587\u6750\u6599\u3002\u957f\u6587\u6750\u6599\u3002\u957f\u6587\u6750\u6599\u3002\u957f\u6587\u6750\u6599\u3002\u957f\u6587\u6750\u6599\u3002\u957f\u6587\u6750\u6599\u3002\u957f\u6587\u6750\u6599\u3002\u957f\u6587\u6750\u6599\u3002\u957f\u6587\u6750\u6599\u3002\u957f\u6587\u6750\u6599\u3002\u957f\u6587\u6750\u6599\u3002\u957f\u6587\u6750\u6599\u3002\u957f\u6587\u6750\u6599\u3002\u957f\u6587\u6750\u6599\u3002\u957f\u6587\u6750\u6599\u3002\u957f\u6587\u6750\u6599\u3002\u957f\u6587\u6750\u6599\u3002\u957f\u6587\u6750\u6599\u3002\u957f\u6587\u6750\u6599\u3002\u957f\u6587\u6750\u6599\u3002\u957f\u6587\u6750\u6599\u3002\u957f\u6587\u6750\u6599\u3002\u957f\u6587\u6750\u6599\u3002\u957f\u6587\u6750\u6599\u3002\u957f\u6587\u6750\u6599\u3002\u957f\u6587\u6750\u6599\u3002\u957f\u6587\u6750\u6599\u3002\u957f\u6587\u6750\u6599\u3002\u957f\u6587\u6750\u6599\u3002\u957f\u6587\u6750\u6599\u3002\u957f\u6587\u6750\u6599\u3002\u957f\u6587\u6750\u6599\u3002\u957f\u6587\u6750\u6599\u3002\u957f\u6587\u6750\u6599\u3002\u957f\u6587\u6750\u6599\u3002\u957f\u6587\u6750\u6599\u3002\u957f\u6587\u6750\u6599\u3002\u957f\u6587\u6750\u6599\u3002\u957f\u6587\u6750\u6599\u3002\u957f\u6587\u6750\u6599\u3002\u957f\u6587\u6750\u6599\u3002\u957f\u6587\u6750\u6599\u3002\u957f\u6587\u6750\u6599\u3002\u957f\u6587\u6750\u6599\u3002\u957f\u6587\u6750\u6599\u3002\u957f\u6587\u6750\u6599\u3002\u957f\u6587\u6750\u6599\u3002\u957f\u6587\u6750\u6599\u3002\u957f\u6587\u6750\u6599\u3002\u957f\u6587\u6750\u6599\u3002\u957f\u6587\u6750\u6599\u3002\u957f\u6587\u6750\u6599\u3002\u957f\u6587\u6750\u6599\u3002\u957f\u6587\u6750\u6599\u3002\u957f\u6587\u6750\u6599\u3002\u957f\u6587\u6750\u6599\u3002\u957f\u6587\u6750\u6599\u3002\u957f\u6587\u6750\u6599\u3002\u957f\u6587\u6750\u6599\u3002\u957f\u6587\u6750\u6599\u3002\u957f\u6587\u6750\u6599\u3002\u957f\u6587\u6750\u6599\u3002\u957f\u6587\u6750\u6599\u3002\u957f\u6587\u6750\u6599\u3002\u957f\u6587\u6750\u6599\u3002\u957f\u6587\u6750\u6599\u3002\u957f\u6587\u6750\u6599\u3002\u957f\u6587\u6750\u6599\u3002\u957f\u6587\u6750\u6599\u3002\u957f\u6587\u6750\u6599\u3002\u957f\u6587\u6750\u6599\u3002\u957f\u6587\u6750\u6599\u3002\u957f\u6587\u6750\u6599\u3002\u957f\u6587\u6750\u6599\u3002\u957f\u6587\u6750\u6599\u3002\u957f\u6587\u6750\u6599\u3002\u957f\u6587\u6750\u6599\u3002\u957f\u6587\u6750\u6599\u3002\u957f\u6587\u6750\u6599\u3002\u957f\u6587\u6750\u6599\u3002\u957f\u6587\u6750\u6599\u3002\u957f\u6587\u6750\u6599\u3002\u957f\u6587\u6750\u6599\u3002\u957f\u6587\u6750\u6599\u3002\u957f\u6587\u6750\u6599\u3002\u957f\u6587\u6750\u6599\u3002\u957f\u6587\u6750\u6599\u3002\u957f\u6587\u6750\u6599\u3002\u957f\u6587\u6750\u6599\u3002\u957f\u6587\u6750\u6599\u3002\u957f\u6587\u6750\u6599\u3002\u957f\u6587\u6750\u6599\u3002\u957f\u6587\u6750\u6599\u3002\u957f\u6587\u6750\u6599\u3002\u957f\u6587\u6750\u6599\u3002\u957f\u6587\u6750\u6599\u3002\u957f\u6587\u6750\u6599\u3002\u957f\u6587\u6750\u6599\u3002\u957f\u6587\u6750\u6599\u3002\u957f\u6587\u6750\u6599\u3002\u957f\u6587\u6750\u6599\u3002\u957f\u6587\u6750\u6599\u3002\u957f\u6587\u6750\u6599\u3002\u957f\u6587\u6750\u6599\u3002\u957f\u6587\u6750\u6599\u3002\u957f\u6587\u6750\u6599\u3002\u957f\u6587\u6750\u6599\u3002\u957f\u6587\u6750\u6599\u3002\u957f\u6587\u6750\u6599\u3002\u957f\u6587\u6750\u6599\u3002\u957f\u6587\u6750\u6599\u3002\u957f\u6587\u6750\u6599\u3002\u957f\u6587\u6750\u6599\u3002\u957f\u6587\u6750\u6599\u3002\u957f\u6587\u6750\u6599\u3002\u957f\u6587\u6750\u6599\u3002\u957f\u6587\u6750\u6599\u3002\u957f\u6587\u6750\u6599\u3002\u957f\u6587\u6750\u6599\u3002\u957f\u6587\u6750\u6599\u3002\u957f\u6587\u6750\u6599\u3002\u957f\u6587\u6750\u6599\u3002\u957f\u6587\u6750\u6599\u3002\u957f\u6587\u6750\u6599\u3002\u957f\u6587\u6750\u6599\u3002\u957f\u6587\u6750\u6599\u3002\u957f\u6587\u6750\u6599\u3002\u957f\u6587\u6750\u6599\u3002\u957f\u6587\u6750\u6599\u3002\u957f\u6587\u6750\u6599\u3002\u957f\u6587\u6750\u6599\u3002\u957f\u6587\u6750\u6599\u3002\u957f\u6587\u6750\u6599\u3002\u957f\u6587\u6750\u6599\u3002\u957f\u6587\u6750\u6599\u3002\u957f\u6587\u6750\u6599\u3002-balanced-summary]" time="0.007" /><testcase classname="tests.test_router" name="test_invalid[req0-EMPTY_PROMPT]" time="0.005" /><testcase classname="tests.test_router" name="test_invalid[req1-INPUT_TOO_LONG]" time="0.004" /><testcase classname="tests.test_router" name="test_invalid[req2-MISSING_MATERIAL]" time="0.005" /><testcase classname="tests.test_router" name="test_invalid[req3-INVALID_MAX_TOKENS]" time="0.005" /><testcase classname="tests.test_router" name="test_invalid[req4-INVALID_MAX_TOKENS]" time="0.004" /><testcase classname="tests.test_router" name="test_invalid[req5-INVALID_MODE]" time="0.005" /><testcase classname="tests.test_router" name="test_invalid[req6-INVALID_PREFERENCE]" time="0.004" /><testcase classname="tests.test_router" name="test_invalid[req7-UNKNOWN_FIELD]" time="0.004" /><testcase classname="tests.test_router" name="test_invalid[req8-INVALID_INPUT]" time="0.005" /><testcase classname="tests.test_router" name="test_invalid[req9-INVALID_INPUT]" time="0.005" /><testcase classname="tests.test_router" name="test_context_and_preferences" time="0.006" /><testcase classname="tests.test_router" name="test_cache_billing_and_disable" time="0.017" /><testcase classname="tests.test_router" name="test_cache_limits_expiry_and_namespace" time="0.486" /><testcase classname="tests.test_router" name="test_confirmation" time="0.006" /><testcase classname="tests.test_router" name="test_audit_content_and_handles" time="0.010" /><testcase classname="tests.test_router" name="test_code_whitespace" time="0.000" /><testcase classname="tests.test_router" name="test_missing_usage_and_failure" time="0.017" /><testcase classname="tests.test_router" name="test_endpoint[http://api.deepseek.com]" time="0.001" /><testcase classname="tests.test_router" name="test_endpoint[https://evil.invalid]" time="0.000" /><testcase classname="tests.test_router" name="test_endpoint[https://user:pass@api.deepseek.com]" time="0.000" /><testcase classname="tests.test_router" name="test_endpoint[https://api.deepseek.com?key=x]" time="0.000" /><testcase classname="tests.test_router" name="test_prices" time="0.001" /><testcase classname="tests.test_router" name="test_dynamic_key_and_redaction" time="2.850" /><testcase classname="tests.test_router" name="test_truncated_not_cached" time="0.012" /><testcase classname="tests.test_router" name="test_cli" time="0.257" /></testsuite></testsuites>